// Jest Snapshot v1, https://goo.gl/fbAQLP

exports[`renders correctly 1`] = `
<div
  className="loading"
  style={
    Object {
      "paddingTop": undefined,
      "top": 10,
      "zIndex": 1005,
    }
  }
>
  <div
    className="loading-icon"
    style={
      Object {
        "marginLeft": "auto",
        "marginRight": "auto",
        "marginTop": 0,
      }
    }
  />
  <div
    className="text-center font-weight-bold"
  >
    Loading ...
  </div>
</div>
`;
